Release 14.7 - xst P.20131013 (lin64)
Copyright (c) 1995-2013 Xilinx, Inc.  All rights reserved.
--> 
Parameter TMPDIR set to xst/projnav.tmp


Total REAL time to Xst completion: 0.00 secs
Total CPU time to Xst completion: 0.09 secs
 
--> 
Parameter xsthdpdir set to xst


Total REAL time to Xst completion: 0.00 secs
Total CPU time to Xst completion: 0.09 secs
 
--> 
Reading design: top_ml605_extphy.prj

TABLE OF CONTENTS
  1) Synthesis Options Summary
  2) HDL Parsing
  3) HDL Elaboration
  4) HDL Synthesis
       4.1) HDL Synthesis Report
  5) Advanced HDL Synthesis
       5.1) Advanced HDL Synthesis Report
  6) Low Level Synthesis
  7) Partition Report
  8) Design Summary
       8.1) Primitive and Black Box Usage
       8.2) Device utilization summary
       8.3) Partition Resource Summary
       8.4) Timing Report
            8.4.1) Clock Information
            8.4.2) Asynchronous Control Signals Information
            8.4.3) Timing Summary
            8.4.4) Timing Details
            8.4.5) Cross Clock Domains Report


=========================================================================
*                      Synthesis Options Summary                        *
=========================================================================
---- Source Parameters
Input File Name                    : "top_ml605_extphy.prj"
Ignore Synthesis Constraint File   : NO

---- Target Parameters
Output File Name                   : "top_ml605_extphy"
Output Format                      : NGC
Target Device                      : xc7a100t-1-csg324

---- Source Options
Top Module Name                    : top_ml605_extphy
Automatic FSM Extraction           : YES
FSM Encoding Algorithm             : Auto
Safe Implementation                : No
CASE Implementation Style          : Full-Parallel
FSM Style                          : LUT
RAM Extraction                     : Yes
RAM Style                          : Auto
ROM Extraction                     : Yes
Shift Register Extraction          : YES
ROM Style                          : Auto
Resource Sharing                   : YES
Asynchronous To Synchronous        : NO
Shift Register Minimum Size        : 2
Use DSP Block                      : Auto
Automatic Register Balancing       : Yes

---- Target Options
LUT Combining                      : Auto
Reduce Control Sets                : Auto
Add IO Buffers                     : YES
Global Maximum Fanout              : 100000
Add Generic Clock Buffer(BUFG)     : 32
Register Duplication               : YES
Move First FlipFlop Stage          : YES
Move Last FlipFlop Stage           : YES
Optimize Instantiated Primitives   : YES
Use Clock Enable                   : Auto
Use Synchronous Set                : Auto
Use Synchronous Reset              : Auto
Pack IO Registers into IOBs        : Auto
Equivalent register Removal        : YES

---- General Options
Optimization Goal                  : Speed
Optimization Effort                : 2
Power Reduction                    : NO
Keep Hierarchy                     : Soft
Netlist Hierarchy                  : As_Optimized
RTL Output                         : Yes
Global Optimization                : AllClockNets
Read Cores                         : YES
Write Timing Constraints           : NO
Cross Clock Analysis               : NO
Hierarchy Separator                : /
Bus Delimiter                      : <>
Case Specifier                     : Upper
Slice Utilization Ratio            : 100
BRAM Utilization Ratio             : 100
DSP48 Utilization Ratio            : 100
Auto BRAM Packing                  : YES
Slice Utilization Ratio Delta      : 5

=========================================================================


=========================================================================
*                          HDL Parsing                                  *
=========================================================================
Parsing VHDL file "/home/vincent/Mandelbrot/soc_plasma/vhdl/plasma_core/vhdl/mlite_pack.vhd" into library work
Parsing package <mlite_pack>.
Parsing package body <mlite_pack>.
Parsing VHDL file "/home/vincent/Mandelbrot/soc_plasma/vhdl/plasma_core/vhdl/cam/cam_pkg.vhd" into library work
Parsing package <cam_pkg>.
Parsing package body <cam_pkg>.
WARNING:HDLCompiler:797 - "/home/vincent/Mandelbrot/soc_plasma/vhdl/plasma_core/vhdl/cam/cam_pkg.vhd" Line 16: Subprogram <divide> does not conform with its declaration.
INFO:HDLCompiler:1408 - "/home/vincent/Mandelbrot/soc_plasma/vhdl/plasma_core/vhdl/cam/cam_pkg.vhd" Line 7. divide is declared here
Parsing VHDL file "/home/vincent/Mandelbrot/soc_plasma/vhdl/custom/mandelbrot/Shared.vhd" into library work
Parsing package <CONSTANTS>.
Parsing package <FUNCTIONS>.
Parsing package body <FUNCTIONS>.
Parsing VHDL file "/home/vincent/Mandelbrot/soc_plasma/vhdl/custom/ray_tracer_v3/function_9.vhd" into library work
Parsing entity <function_9>.
Parsing architecture <logic> of entity <function_9>.
Parsing VHDL file "/home/vincent/Mandelbrot/soc_plasma/vhdl/custom/ray_tracer_v3/function_8.vhd" into library work
Parsing entity <function_8>.
Parsing architecture <logic> of entity <function_8>.
Parsing VHDL file "/home/vincent/Mandelbrot/soc_plasma/vhdl/custom/ray_tracer_v3/function_7.vhd" into library work
Parsing entity <function_7>.
Parsing architecture <logic> of entity <function_7>.
Parsing VHDL file "/home/vincent/Mandelbrot/soc_plasma/vhdl/custom/ray_tracer_v3/function_6.vhd" into library work
Parsing entity <function_6>.
Parsing architecture <logic> of entity <function_6>.
Parsing VHDL file "/home/vincent/Mandelbrot/soc_plasma/vhdl/custom/ray_tracer_v3/function_5.vhd" into library work
Parsing entity <function_5>.
Parsing architecture <logic> of entity <function_5>.
Parsing VHDL file "/home/vincent/Mandelbrot/soc_plasma/vhdl/custom/ray_tracer_v3/function_4.vhd" into library work
Parsing entity <function_4>.
Parsing architecture <logic> of entity <function_4>.
Parsing VHDL file "/home/vincent/Mandelbrot/soc_plasma/vhdl/custom/ray_tracer_v3/function_18.vhd" into library work
Parsing entity <function_18>.
Parsing architecture <logic> of entity <function_18>.
Parsing VHDL file "/home/vincent/Mandelbrot/soc_plasma/vhdl/custom/ray_tracer_v3/function_17.vhd" into library work
Parsing entity <function_17>.
Parsing architecture <logic> of entity <function_17>.
Parsing VHDL file "/home/vincent/Mandelbrot/soc_plasma/vhdl/custom/ray_tracer_v3/function_16.vhd" into library work
Parsing entity <function_16>.
Parsing architecture <logic> of entity <function_16>.
Parsing VHDL file "/home/vincent/Mandelbrot/soc_plasma/vhdl/custom/ray_tracer_v3/function_15.vhd" into library work
Parsing entity <function_15>.
Parsing architecture <logic> of entity <function_15>.
Parsing VHDL file "/home/vincent/Mandelbrot/soc_plasma/vhdl/custom/ray_tracer_v3/function_14.vhd" into library work
Parsing entity <function_14>.
Parsing architecture <logic> of entity <function_14>.
Parsing VHDL file "/home/vincent/Mandelbrot/soc_plasma/vhdl/custom/ray_tracer_v3/function_13.vhd" into library work
Parsing entity <function_13>.
Parsing architecture <logic> of entity <function_13>.
Parsing VHDL file "/home/vincent/Mandelbrot/soc_plasma/vhdl/custom/ray_tracer_v3/function_12.vhd" into library work
Parsing entity <function_12>.
Parsing architecture <logic> of entity <function_12>.
Parsing VHDL file "/home/vincent/Mandelbrot/soc_plasma/vhdl/custom/ray_tracer_v3/function_11.vhd" into library work
Parsing entity <function_11>.
Parsing architecture <logic> of entity <function_11>.
Parsing VHDL file "/home/vincent/Mandelbrot/soc_plasma/vhdl/custom/ray_tracer_v3/function_10.vhd" into library work
Parsing entity <function_10>.
Parsing architecture <logic> of entity <function_10>.
Parsing VHDL file "/home/vincent/Mandelbrot/soc_plasma/vhdl/custom/mandelbrot/function_3.vhd" into library work
Parsing entity <function_3>.
Parsing architecture <logic> of entity <function_3>.
Parsing VHDL file "/home/vincent/Mandelbrot/soc_plasma/vhdl/custom/mandelbrot/function_2.vhd" into library work
Parsing entity <function_2>.
Parsing architecture <logic> of entity <function_2>.
ERROR:HDLCompiler:806 - "/home/vincent/Mandelbrot/soc_plasma/vhdl/custom/mandelbrot/function_2.vhd" Line 38: Syntax error near "(".
ERROR:HDLCompiler:854 - "/home/vincent/Mandelbrot/soc_plasma/vhdl/custom/mandelbrot/function_2.vhd" Line 27: Unit <logic> ignored due to previous errors.
VHDL file /home/vincent/Mandelbrot/soc_plasma/vhdl/custom/mandelbrot/function_2.vhd ignored due to errors
--> 


Total memory usage is 352428 kilobytes

Number of errors   :    2 (   0 filtered)
Number of warnings :    1 (   0 filtered)
Number of infos    :    0 (   0 filtered)

