Release 14.7 - xst P.20131013 (nt64)
Copyright (c) 1995-2013 Xilinx, Inc.  All rights reserved.
--> Parameter TMPDIR set to xst/projnav.tmp


Total REAL time to Xst completion: 0.00 secs
Total CPU time to Xst completion: 0.07 secs
 
--> Parameter xsthdpdir set to xst


Total REAL time to Xst completion: 0.00 secs
Total CPU time to Xst completion: 0.07 secs
 
--> Reading design: VGA_bitmap_640x480.prj

TABLE OF CONTENTS
  1) Synthesis Options Summary
  2) HDL Parsing
  3) HDL Elaboration
  4) HDL Synthesis
       4.1) HDL Synthesis Report
  5) Advanced HDL Synthesis
       5.1) Advanced HDL Synthesis Report
  6) Low Level Synthesis
  7) Partition Report
  8) Design Summary
       8.1) Primitive and Black Box Usage
       8.2) Device utilization summary
       8.3) Partition Resource Summary
       8.4) Timing Report
            8.4.1) Clock Information
            8.4.2) Asynchronous Control Signals Information
            8.4.3) Timing Summary
            8.4.4) Timing Details
            8.4.5) Cross Clock Domains Report


=========================================================================
*                      Synthesis Options Summary                        *
=========================================================================
---- Source Parameters
Input File Name                    : "VGA_bitmap_640x480.prj"
Ignore Synthesis Constraint File   : NO

---- Target Parameters
Output File Name                   : "VGA_bitmap_640x480"
Output Format                      : NGC
Target Device                      : xc7a100t-1-csg324

---- Source Options
Top Module Name                    : VGA_bitmap_640x480
Automatic FSM Extraction           : YES
FSM Encoding Algorithm             : Auto
Safe Implementation                : No
FSM Style                          : LUT
RAM Extraction                     : Yes
RAM Style                          : Auto
ROM Extraction                     : Yes
Shift Register Extraction          : YES
ROM Style                          : Auto
Resource Sharing                   : YES
Asynchronous To Synchronous        : NO
Shift Register Minimum Size        : 2
Use DSP Block                      : Auto
Automatic Register Balancing       : No

---- Target Options
LUT Combining                      : Auto
Reduce Control Sets                : Auto
Add IO Buffers                     : YES
Global Maximum Fanout              : 100000
Add Generic Clock Buffer(BUFG)     : 32
Register Duplication               : YES
Optimize Instantiated Primitives   : NO
Use Clock Enable                   : Auto
Use Synchronous Set                : Auto
Use Synchronous Reset              : Auto
Pack IO Registers into IOBs        : Auto
Equivalent register Removal        : YES

---- General Options
Optimization Goal                  : Speed
Optimization Effort                : 1
Power Reduction                    : NO
Keep Hierarchy                     : No
Netlist Hierarchy                  : As_Optimized
RTL Output                         : Yes
Global Optimization                : AllClockNets
Read Cores                         : YES
Write Timing Constraints           : NO
Cross Clock Analysis               : NO
Hierarchy Separator                : /
Bus Delimiter                      : <>
Case Specifier                     : Maintain
Slice Utilization Ratio            : 100
BRAM Utilization Ratio             : 100
DSP48 Utilization Ratio            : 100
Auto BRAM Packing                  : NO
Slice Utilization Ratio Delta      : 5

=========================================================================


=========================================================================
*                          HDL Parsing                                  *
=========================================================================
Parsing VHDL file "D:\Vincent\Mandelbrot\soc_plasma\vhdl\custom\mandelbrot\vga_bitmap_640x480_dualport.vhd" into library work
Parsing entity <VGA_bitmap_640x480>.
Parsing architecture <Behavioral> of entity <vga_bitmap_640x480>.

=========================================================================
*                            HDL Elaboration                            *
=========================================================================

Elaborating entity <VGA_bitmap_640x480> (architecture <Behavioral>) from library <work>.

=========================================================================
*                           HDL Synthesis                               *
=========================================================================

Synthesizing Unit <VGA_bitmap_640x480>.
    Related source file is "D:\Vincent\Mandelbrot\soc_plasma\vhdl\custom\mandelbrot\vga_bitmap_640x480_dualport.vhd".
WARNING:Xst:647 - Input <ADDR8> is never used. This port will be preserved and left unconnected if it belongs to a top-level block or it belongs to a sub-block and the hierarchy of this sub-block is preserved.
WARNING:Xst:647 - Input <data_in8> is never used. This port will be preserved and left unconnected if it belongs to a top-level block or it belongs to a sub-block and the hierarchy of this sub-block is preserved.
WARNING:Xst:647 - Input <data_write8> is never used. This port will be preserved and left unconnected if it belongs to a top-level block or it belongs to a sub-block and the hierarchy of this sub-block is preserved.
WARNING:Xst:3035 - Index value(s) does not match array range for signal <screen1>, simulation mismatch.
    Found 38400x8-bit dual-port RAM <Mram_screen1> for signal <screen1>.
WARNING:Xst:3035 - Index value(s) does not match array range for signal <screen2>, simulation mismatch.
    Found 38400x8-bit dual-port RAM <Mram_screen2> for signal <screen2>.
WARNING:Xst:3035 - Index value(s) does not match array range for signal <screen3>, simulation mismatch.
    Found 38400x8-bit dual-port RAM <Mram_screen3> for signal <screen3>.
WARNING:Xst:3035 - Index value(s) does not match array range for signal <screen4>, simulation mismatch.
    Found 38400x8-bit dual-port RAM <Mram_screen4> for signal <screen4>.
WARNING:Xst:3035 - Index value(s) does not match array range for signal <screen5>, simulation mismatch.
    Found 38400x8-bit dual-port RAM <Mram_screen5> for signal <screen5>.
WARNING:Xst:3035 - Index value(s) does not match array range for signal <screen6>, simulation mismatch.
    Found 38400x8-bit dual-port RAM <Mram_screen6> for signal <screen6>.
WARNING:Xst:3035 - Index value(s) does not match array range for signal <screen7>, simulation mismatch.
    Found 38400x8-bit dual-port RAM <Mram_screen7> for signal <screen7>.
    Found 8-bit register for signal <next_pixel2>.
    Found 8-bit register for signal <next_pixel3>.
    Found 8-bit register for signal <next_pixel4>.
    Found 8-bit register for signal <next_pixel5>.
    Found 8-bit register for signal <next_pixel6>.
    Found 8-bit register for signal <next_pixel7>.
    Found 8-bit register for signal <next_pixel>.
    Found 19-bit register for signal <pix_read_addr>.
    Found 16-bit register for signal <pix_read_addr1>.
    Found 1-bit register for signal <VGA_vs>.
    Found 1-bit register for signal <TOP_display>.
    Found 8-bit register for signal <iter>.
    Found 1-bit register for signal <VGA_hs>.
    Found 1-bit register for signal <TOP_line>.
    Found 12-bit register for signal <h_counter>.
    Found 10-bit register for signal <v_counter>.
    Found 8-bit register for signal <next_pixel1>.
    Found 19-bit adder for signal <pix_read_addr[18]_GND_5_o_add_51_OUT> created at line 286.
    Found 16-bit adder for signal <pix_read_addr1[15]_GND_5_o_add_58_OUT> created at line 299.
    Found 10-bit adder for signal <v_counter[9]_GND_5_o_add_86_OUT> created at line 411.
    Found 12-bit adder for signal <h_counter[11]_GND_5_o_add_88_OUT> created at line 414.
    Found 8-bit 8-to-1 multiplexer for signal <GND_5_o_next_pixel1[7]_mux_34_OUT> created at line 223.
    Found 19-bit comparator greater for signal <pix_read_addr[18]_GND_5_o_LessThan_37_o> created at line 257
    Found 19-bit comparator greater for signal <pix_read_addr[18]_GND_5_o_LessThan_38_o> created at line 259
    Found 19-bit comparator greater for signal <pix_read_addr[18]_GND_5_o_LessThan_39_o> created at line 261
    Found 19-bit comparator greater for signal <pix_read_addr[18]_GND_5_o_LessThan_41_o> created at line 265
    Found 19-bit comparator greater for signal <pix_read_addr[18]_GND_5_o_LessThan_42_o> created at line 267
    Found 19-bit comparator greater for signal <pix_read_addr[18]_GND_5_o_LessThan_43_o> created at line 269
    Summary:
	inferred   7 RAM(s).
	inferred   4 Adder/Subtractor(s).
	inferred 133 D-type flip-flop(s).
	inferred   6 Comparator(s).
	inferred  11 Multiplexer(s).
Unit <VGA_bitmap_640x480> synthesized.

=========================================================================
HDL Synthesis Report

Macro Statistics
# RAMs                                                 : 7
 38400x8-bit dual-port RAM                             : 7
# Adders/Subtractors                                   : 4
 10-bit adder                                          : 1
 12-bit adder                                          : 1
 16-bit adder                                          : 1
 19-bit adder                                          : 1
# Registers                                            : 17
 1-bit register                                        : 4
 10-bit register                                       : 1
 12-bit register                                       : 1
 16-bit register                                       : 1
 19-bit register                                       : 1
 8-bit register                                        : 9
# Comparators                                          : 6
 19-bit comparator greater                             : 6
# Multiplexers                                         : 11
 10-bit 2-to-1 multiplexer                             : 1
 12-bit 2-to-1 multiplexer                             : 1
 16-bit 2-to-1 multiplexer                             : 1
 19-bit 2-to-1 multiplexer                             : 1
 3-bit 2-to-1 multiplexer                              : 6
 8-bit 8-to-1 multiplexer                              : 1

=========================================================================

=========================================================================
*                       Advanced HDL Synthesis                          *
=========================================================================


Synthesizing (advanced) Unit <VGA_bitmap_640x480>.
The following registers are absorbed into counter <h_counter>: 1 register on signal <h_counter>.
The following registers are absorbed into counter <pix_read_addr>: 1 register on signal <pix_read_addr>.
The following registers are absorbed into counter <pix_read_addr1>: 1 register on signal <pix_read_addr1>.
The following registers are absorbed into counter <v_counter>: 1 register on signal <v_counter>.
INFO:Xst:3226 - The RAM <Mram_screen2> will be implemented as a BLOCK RAM, absorbing the following register(s): <next_pixel2>
    -----------------------------------------------------------------------
    | ram_type           | Block                               |          |
    -----------------------------------------------------------------------
    | Port A                                                              |
    |     aspect ratio   | 38400-word x 8-bit                  |          |
    |     mode           | write-first                         |          |
    |     clkA           | connected to signal <clk>           | rise     |
    |     weA            | connected to signal <data_write2>   | high     |
    |     addrA          | connected to signal <ADDR2>         |          |
    |     diA            | connected to signal <data_in2>      |          |
    -----------------------------------------------------------------------
    | optimization       | speed                               |          |
    -----------------------------------------------------------------------
    | Port B                                                              |
    |     aspect ratio   | 38400-word x 8-bit                  |          |
    |     mode           | write-first                         |          |
    |     clkB           | connected to signal <clk_vga>       | rise     |
    |     addrB          | connected to signal <pix_read_addr1> |          |
    |     doB            | connected to signal <next_pixel2>   |          |
    -----------------------------------------------------------------------
    | optimization       | speed                               |          |
    -----------------------------------------------------------------------
INFO:Xst:3226 - The RAM <Mram_screen1> will be implemented as a BLOCK RAM, absorbing the following register(s): <next_pixel1>
    -----------------------------------------------------------------------
    | ram_type           | Block                               |          |
    -----------------------------------------------------------------------
    | Port A                                                              |
    |     aspect ratio   | 38400-word x 8-bit                  |          |
    |     mode           | write-first                         |          |
    |     clkA           | connected to signal <clk>           | rise     |
    |     weA            | connected to signal <data_write1>   | high     |
    |     addrA          | connected to signal <ADDR1>         |          |
    |     diA            | connected to signal <data_in1>      |          |
    -----------------------------------------------------------------------
    | optimization       | speed                               |          |
    -----------------------------------------------------------------------
    | Port B                                                              |
    |     aspect ratio   | 38400-word x 8-bit                  |          |
    |     mode           | write-first                         |          |
    |     clkB           | connected to signal <clk_vga>       | rise     |
    |     addrB          | connected to signal <pix_read_addr1> |          |
    |     doB            | connected to signal <next_pixel1>   |          |
    -----------------------------------------------------------------------
    | optimization       | speed                               |          |
    -----------------------------------------------------------------------
INFO:Xst:3226 - The RAM <Mram_screen3> will be implemented as a BLOCK RAM, absorbing the following register(s): <next_pixel3>
    -----------------------------------------------------------------------
    | ram_type           | Block                               |          |
    -----------------------------------------------------------------------
    | Port A                                                              |
    |     aspect ratio   | 38400-word x 8-bit                  |          |
    |     mode           | write-first                         |          |
    |     clkA           | connected to signal <clk>           | rise     |
    |     weA            | connected to signal <data_write3>   | high     |
    |     addrA          | connected to signal <ADDR3>         |          |
    |     diA            | connected to signal <data_in3>      |          |
    -----------------------------------------------------------------------
    | optimization       | speed                               |          |
    -----------------------------------------------------------------------
    | Port B                                                              |
    |     aspect ratio   | 38400-word x 8-bit                  |          |
    |     mode           | write-first                         |          |
    |     clkB           | connected to signal <clk_vga>       | rise     |
    |     addrB          | connected to signal <pix_read_addr1> |          |
    |     doB            | connected to signal <next_pixel3>   |          |
    -----------------------------------------------------------------------
    | optimization       | speed                               |          |
    -----------------------------------------------------------------------
INFO:Xst:3226 - The RAM <Mram_screen4> will be implemented as a BLOCK RAM, absorbing the following register(s): <next_pixel4>
    -----------------------------------------------------------------------
    | ram_type           | Block                               |          |
    -----------------------------------------------------------------------
    | Port A                                                              |
    |     aspect ratio   | 38400-word x 8-bit                  |          |
    |     mode           | write-first                         |          |
    |     clkA           | connected to signal <clk>           | rise     |
    |     weA            | connected to signal <data_write4>   | high     |
    |     addrA          | connected to signal <ADDR4>         |          |
    |     diA            | connected to signal <data_in4>      |          |
    -----------------------------------------------------------------------
    | optimization       | speed                               |          |
    -----------------------------------------------------------------------
    | Port B                                                              |
    |     aspect ratio   | 38400-word x 8-bit                  |          |
    |     mode           | write-first                         |          |
    |     clkB           | connected to signal <clk_vga>       | rise     |
    |     addrB          | connected to signal <pix_read_addr1> |          |
    |     doB            | connected to signal <next_pixel4>   |          |
    -----------------------------------------------------------------------
    | optimization       | speed                               |          |
    -----------------------------------------------------------------------
INFO:Xst:3226 - The RAM <Mram_screen5> will be implemented as a BLOCK RAM, absorbing the following register(s): <next_pixel5>
    -----------------------------------------------------------------------
    | ram_type           | Block                               |          |
    -----------------------------------------------------------------------
    | Port A                                                              |
    |     aspect ratio   | 38400-word x 8-bit                  |          |
    |     mode           | write-first                         |          |
    |     clkA           | connected to signal <clk>           | rise     |
    |     weA            | connected to signal <data_write5>   | high     |
    |     addrA          | connected to signal <ADDR5>         |          |
    |     diA            | connected to signal <data_in5>      |          |
    -----------------------------------------------------------------------
    | optimization       | speed                               |          |
    -----------------------------------------------------------------------
    | Port B                                                              |
    |     aspect ratio   | 38400-word x 8-bit                  |          |
    |     mode           | write-first                         |          |
    |     clkB           | connected to signal <clk_vga>       | rise     |
    |     addrB          | connected to signal <pix_read_addr1> |          |
    |     doB            | connected to signal <next_pixel5>   |          |
    -----------------------------------------------------------------------
    | optimization       | speed                               |          |
    -----------------------------------------------------------------------
INFO:Xst:3226 - The RAM <Mram_screen7> will be implemented as a BLOCK RAM, absorbing the following register(s): <next_pixel7>
    -----------------------------------------------------------------------
    | ram_type           | Block                               |          |
    -----------------------------------------------------------------------
    | Port A                                                              |
    |     aspect ratio   | 38400-word x 8-bit                  |          |
    |     mode           | write-first                         |          |
    |     clkA           | connected to signal <clk>           | rise     |
    |     weA            | connected to signal <data_write7>   | high     |
    |     addrA          | connected to signal <ADDR7>         |          |
    |     diA            | connected to signal <data_in7>      |          |
    -----------------------------------------------------------------------
    | optimization       | speed                               |          |
    -----------------------------------------------------------------------
    | Port B                                                              |
    |     aspect ratio   | 38400-word x 8-bit                  |          |
    |     mode           | write-first                         |          |
    |     clkB           | connected to signal <clk_vga>       | rise     |
    |     addrB          | connected to signal <pix_read_addr1> |          |
    |     doB            | connected to signal <next_pixel7>   |          |
    -----------------------------------------------------------------------
    | optimization       | speed                               |          |
    -----------------------------------------------------------------------
INFO:Xst:3226 - The RAM <Mram_screen6> will be implemented as a BLOCK RAM, absorbing the following register(s): <next_pixel6>
    -----------------------------------------------------------------------
    | ram_type           | Block                               |          |
    -----------------------------------------------------------------------
    | Port A                                                              |
    |     aspect ratio   | 38400-word x 8-bit                  |          |
    |     mode           | write-first                         |          |
    |     clkA           | connected to signal <clk>           | rise     |
    |     weA            | connected to signal <data_write6>   | high     |
    |     addrA          | connected to signal <ADDR6>         |          |
    |     diA            | connected to signal <data_in6>      |          |
    -----------------------------------------------------------------------
    | optimization       | speed                               |          |
    -----------------------------------------------------------------------
    | Port B                                                              |
    |     aspect ratio   | 38400-word x 8-bit                  |          |
    |     mode           | write-first                         |          |
    |     clkB           | connected to signal <clk_vga>       | rise     |
    |     addrB          | connected to signal <pix_read_addr1> |          |
    |     doB            | connected to signal <next_pixel6>   |          |
    -----------------------------------------------------------------------
    | optimization       | speed                               |          |
    -----------------------------------------------------------------------
Unit <VGA_bitmap_640x480> synthesized (advanced).

=========================================================================
Advanced HDL Synthesis Report

Macro Statistics
# RAMs                                                 : 7
 38400x8-bit dual-port block RAM                       : 7
# Counters                                             : 4
 10-bit up counter                                     : 1
 12-bit up counter                                     : 1
 16-bit up counter                                     : 1
 19-bit up counter                                     : 1
# Registers                                            : 20
 Flip-Flops                                            : 20
# Comparators                                          : 6
 19-bit comparator greater                             : 6
# Multiplexers                                         : 7
 3-bit 2-to-1 multiplexer                              : 6
 8-bit 8-to-1 multiplexer                              : 1

=========================================================================

=========================================================================
*                         Low Level Synthesis                           *
=========================================================================

Optimizing unit <VGA_bitmap_640x480> ...

Mapping all equations...
Building and optimizing final netlist ...
Found area constraint ratio of 100 (+ 5) on block VGA_bitmap_640x480, actual ratio is 0.

Final Macro Processing ...

=========================================================================
Final Register Report

Macro Statistics
# Registers                                            : 77
 Flip-Flops                                            : 77

=========================================================================

=========================================================================
*                           Partition Report                            *
=========================================================================

Partition Implementation Status
-------------------------------

  No Partitions were found in this design.

-------------------------------

=========================================================================
*                            Design Summary                             *
=========================================================================

Top Level Output File Name         : VGA_bitmap_640x480.ngc

Primitive and Black Box Usage:
------------------------------
# BELS                             : 267
#      GND                         : 1
#      INV                         : 1
#      LUT1                        : 14
#      LUT2                        : 7
#      LUT3                        : 3
#      LUT4                        : 53
#      LUT5                        : 22
#      LUT6                        : 51
#      MUXCY                       : 53
#      MUXF7                       : 4
#      VCC                         : 1
#      XORCY                       : 57
# FlipFlops/Latches                : 77
#      FD                          : 8
#      FDR                         : 24
#      FDRE                        : 45
# RAMS                             : 96
#      RAMB36E1                    : 96
# Clock Buffers                    : 2
#      BUFGP                       : 2
# IO Buffers                       : 161
#      IBUF                        : 151
#      OBUF                        : 10

Device utilization summary:
---------------------------

Selected Device : 7a100tcsg324-1 


Slice Logic Utilization: 
 Number of Slice Registers:              77  out of  126800     0%  
 Number of Slice LUTs:                  151  out of  63400     0%  
    Number used as Logic:               151  out of  63400     0%  

Slice Logic Distribution: 
 Number of LUT Flip Flop pairs used:    159
   Number with an unused Flip Flop:      82  out of    159    51%  
   Number with an unused LUT:             8  out of    159     5%  
   Number of fully used LUT-FF pairs:    69  out of    159    43%  
   Number of unique control sets:         7

IO Utilization: 
 Number of IOs:                         213
 Number of bonded IOBs:                 163  out of    210    77%  

Specific Feature Utilization:
 Number of Block RAM/FIFO:               96  out of    135    71%  
    Number using Block RAM only:         96
 Number of BUFG/BUFGCTRLs:                2  out of     32     6%  

---------------------------
Partition Resource Summary:
---------------------------

  No Partitions were found in this design.

---------------------------


=========================================================================
Timing Report

NOTE: THESE TIMING NUMBERS ARE ONLY A SYNTHESIS ESTIMATE.
      FOR ACCURATE TIMING INFORMATION PLEASE REFER TO THE TRACE REPORT
      GENERATED AFTER PLACE-and-ROUTE.

Clock Information:
------------------
-----------------------------------+------------------------+-------+
Clock Signal                       | Clock buffer(FF name)  | Load  |
-----------------------------------+------------------------+-------+
clk_vga                            | BUFGP                  | 173   |
clk                                | BUFGP                  | 96    |
-----------------------------------+------------------------+-------+

Asynchronous Control Signals Information:
----------------------------------------
-----------------------------------+------------------------+-------+
Control Signal                     | Buffer(FF name)        | Load  |
-----------------------------------+------------------------+-------+
N101(Mram_screen331:CASCADEOUTB)   | NONE(Mram_screen33)    | 2     |
N103(Mram_screen311:CASCADEOUTA)   | NONE(Mram_screen31)    | 2     |
N105(Mram_screen311:CASCADEOUTB)   | NONE(Mram_screen31)    | 2     |
N107(Mram_screen321:CASCADEOUTA)   | NONE(Mram_screen32)    | 2     |
N109(Mram_screen321:CASCADEOUTB)   | NONE(Mram_screen32)    | 2     |
N11(Mram_screen221:CASCADEOUTA)    | NONE(Mram_screen22)    | 2     |
N111(Mram_screen341:CASCADEOUTA)   | NONE(Mram_screen34)    | 2     |
N113(Mram_screen341:CASCADEOUTB)   | NONE(Mram_screen34)    | 2     |
N115(Mram_screen351:CASCADEOUTA)   | NONE(Mram_screen35)    | 2     |
N117(Mram_screen351:CASCADEOUTB)   | NONE(Mram_screen35)    | 2     |
N119(Mram_screen381:CASCADEOUTA)   | NONE(Mram_screen38)    | 2     |
N121(Mram_screen381:CASCADEOUTB)   | NONE(Mram_screen38)    | 2     |
N123(Mram_screen361:CASCADEOUTA)   | NONE(Mram_screen36)    | 2     |
N125(Mram_screen361:CASCADEOUTB)   | NONE(Mram_screen36)    | 2     |
N127(Mram_screen371:CASCADEOUTA)   | NONE(Mram_screen37)    | 2     |
N129(Mram_screen371:CASCADEOUTB)   | NONE(Mram_screen37)    | 2     |
N13(Mram_screen221:CASCADEOUTB)    | NONE(Mram_screen22)    | 2     |
N15(Mram_screen231:CASCADEOUTA)    | NONE(Mram_screen23)    | 2     |
N155(Mram_screen511:CASCADEOUTA)   | NONE(Mram_screen51)    | 2     |
N157(Mram_screen511:CASCADEOUTB)   | NONE(Mram_screen51)    | 2     |
N167(Mram_screen521:CASCADEOUTA)   | NONE(Mram_screen52)    | 2     |
N169(Mram_screen521:CASCADEOUTB)   | NONE(Mram_screen52)    | 2     |
N17(Mram_screen231:CASCADEOUTB)    | NONE(Mram_screen23)    | 2     |
N171(Mram_screen531:CASCADEOUTA)   | NONE(Mram_screen53)    | 2     |
N173(Mram_screen531:CASCADEOUTB)   | NONE(Mram_screen53)    | 2     |
N175(Mram_screen541:CASCADEOUTA)   | NONE(Mram_screen54)    | 2     |
N177(Mram_screen541:CASCADEOUTB)   | NONE(Mram_screen54)    | 2     |
N179(Mram_screen551:CASCADEOUTA)   | NONE(Mram_screen55)    | 2     |
N181(Mram_screen551:CASCADEOUTB)   | NONE(Mram_screen55)    | 2     |
N183(Mram_screen561:CASCADEOUTA)   | NONE(Mram_screen56)    | 2     |
N185(Mram_screen561:CASCADEOUTB)   | NONE(Mram_screen56)    | 2     |
N187(Mram_screen571:CASCADEOUTA)   | NONE(Mram_screen57)    | 2     |
N189(Mram_screen571:CASCADEOUTB)   | NONE(Mram_screen57)    | 2     |
N19(Mram_screen251:CASCADEOUTA)    | NONE(Mram_screen25)    | 2     |
N191(Mram_screen721:CASCADEOUTA)   | NONE(Mram_screen72)    | 2     |
N193(Mram_screen721:CASCADEOUTB)   | NONE(Mram_screen72)    | 2     |
N195(Mram_screen581:CASCADEOUTA)   | NONE(Mram_screen58)    | 2     |
N197(Mram_screen581:CASCADEOUTB)   | NONE(Mram_screen58)    | 2     |
N199(Mram_screen711:CASCADEOUTA)   | NONE(Mram_screen71)    | 2     |
N201(Mram_screen711:CASCADEOUTB)   | NONE(Mram_screen71)    | 2     |
N203(Mram_screen731:CASCADEOUTA)   | NONE(Mram_screen73)    | 2     |
N205(Mram_screen731:CASCADEOUTB)   | NONE(Mram_screen73)    | 2     |
N207(Mram_screen741:CASCADEOUTA)   | NONE(Mram_screen74)    | 2     |
N209(Mram_screen741:CASCADEOUTB)   | NONE(Mram_screen74)    | 2     |
N21(Mram_screen251:CASCADEOUTB)    | NONE(Mram_screen25)    | 2     |
N211(Mram_screen751:CASCADEOUTA)   | NONE(Mram_screen75)    | 2     |
N213(Mram_screen751:CASCADEOUTB)   | NONE(Mram_screen75)    | 2     |
N215(Mram_screen761:CASCADEOUTA)   | NONE(Mram_screen76)    | 2     |
N217(Mram_screen761:CASCADEOUTB)   | NONE(Mram_screen76)    | 2     |
N219(Mram_screen771:CASCADEOUTA)   | NONE(Mram_screen77)    | 2     |
N221(Mram_screen771:CASCADEOUTB)   | NONE(Mram_screen77)    | 2     |
N223(Mram_screen781:CASCADEOUTA)   | NONE(Mram_screen78)    | 2     |
N225(Mram_screen781:CASCADEOUTB)   | NONE(Mram_screen78)    | 2     |
N23(Mram_screen261:CASCADEOUTA)    | NONE(Mram_screen26)    | 2     |
N25(Mram_screen261:CASCADEOUTB)    | NONE(Mram_screen26)    | 2     |
N27(Mram_screen271:CASCADEOUTA)    | NONE(Mram_screen27)    | 2     |
N29(Mram_screen271:CASCADEOUTB)    | NONE(Mram_screen27)    | 2     |
N3(Mram_screen211:CASCADEOUTA)     | NONE(Mram_screen21)    | 2     |
N31(Mram_screen281:CASCADEOUTA)    | NONE(Mram_screen28)    | 2     |
N33(Mram_screen281:CASCADEOUTB)    | NONE(Mram_screen28)    | 2     |
N35(Mram_screen411:CASCADEOUTA)    | NONE(Mram_screen41)    | 2     |
N37(Mram_screen411:CASCADEOUTB)    | NONE(Mram_screen41)    | 2     |
N39(Mram_screen421:CASCADEOUTA)    | NONE(Mram_screen42)    | 2     |
N41(Mram_screen421:CASCADEOUTB)    | NONE(Mram_screen42)    | 2     |
N43(Mram_screen451:CASCADEOUTA)    | NONE(Mram_screen45)    | 2     |
N45(Mram_screen451:CASCADEOUTB)    | NONE(Mram_screen45)    | 2     |
N47(Mram_screen431:CASCADEOUTA)    | NONE(Mram_screen43)    | 2     |
N49(Mram_screen431:CASCADEOUTB)    | NONE(Mram_screen43)    | 2     |
N5(Mram_screen211:CASCADEOUTB)     | NONE(Mram_screen21)    | 2     |
N51(Mram_screen441:CASCADEOUTA)    | NONE(Mram_screen44)    | 2     |
N53(Mram_screen441:CASCADEOUTB)    | NONE(Mram_screen44)    | 2     |
N55(Mram_screen461:CASCADEOUTA)    | NONE(Mram_screen46)    | 2     |
N57(Mram_screen461:CASCADEOUTB)    | NONE(Mram_screen46)    | 2     |
N59(Mram_screen471:CASCADEOUTA)    | NONE(Mram_screen47)    | 2     |
N61(Mram_screen471:CASCADEOUTB)    | NONE(Mram_screen47)    | 2     |
N63(Mram_screen481:CASCADEOUTA)    | NONE(Mram_screen48)    | 2     |
N65(Mram_screen481:CASCADEOUTB)    | NONE(Mram_screen48)    | 2     |
N67(Mram_screen111:CASCADEOUTA)    | NONE(Mram_screen11)    | 2     |
N69(Mram_screen111:CASCADEOUTB)    | NONE(Mram_screen11)    | 2     |
N7(Mram_screen241:CASCADEOUTA)     | NONE(Mram_screen24)    | 2     |
N71(Mram_screen121:CASCADEOUTA)    | NONE(Mram_screen12)    | 2     |
N73(Mram_screen121:CASCADEOUTB)    | NONE(Mram_screen12)    | 2     |
N75(Mram_screen131:CASCADEOUTA)    | NONE(Mram_screen13)    | 2     |
N77(Mram_screen131:CASCADEOUTB)    | NONE(Mram_screen13)    | 2     |
N79(Mram_screen161:CASCADEOUTA)    | NONE(Mram_screen16)    | 2     |
N81(Mram_screen161:CASCADEOUTB)    | NONE(Mram_screen16)    | 2     |
N83(Mram_screen141:CASCADEOUTA)    | NONE(Mram_screen14)    | 2     |
N85(Mram_screen141:CASCADEOUTB)    | NONE(Mram_screen14)    | 2     |
N87(Mram_screen151:CASCADEOUTA)    | NONE(Mram_screen15)    | 2     |
N89(Mram_screen151:CASCADEOUTB)    | NONE(Mram_screen15)    | 2     |
N9(Mram_screen241:CASCADEOUTB)     | NONE(Mram_screen24)    | 2     |
N91(Mram_screen171:CASCADEOUTA)    | NONE(Mram_screen17)    | 2     |
N93(Mram_screen171:CASCADEOUTB)    | NONE(Mram_screen17)    | 2     |
N95(Mram_screen181:CASCADEOUTA)    | NONE(Mram_screen18)    | 2     |
N97(Mram_screen181:CASCADEOUTB)    | NONE(Mram_screen18)    | 2     |
N99(Mram_screen331:CASCADEOUTA)    | NONE(Mram_screen33)    | 2     |
-----------------------------------+------------------------+-------+

Timing Summary:
---------------
Speed Grade: -1

   Minimum period: 4.306ns (Maximum Frequency: 232.234MHz)
   Minimum input arrival time before clock: 2.107ns
   Maximum output required time after clock: 0.883ns
   Maximum combinational path delay: No path found

Timing Details:
---------------
All values displayed in nanoseconds (ns)

=========================================================================
Timing constraint: Default period analysis for Clock 'clk_vga'
  Clock period: 4.306ns (frequency: 232.234MHz)
  Total number of paths / destination ports: 5727 / 177
-------------------------------------------------------------------------
Delay:               4.306ns (Levels of Logic = 5)
  Source:            pix_read_addr_3 (FF)
  Destination:       next_pixel_0 (FF)
  Source Clock:      clk_vga rising
  Destination Clock: clk_vga rising

  Data Path: pix_read_addr_3 to next_pixel_0
                                Gate     Net
    Cell:in->out      fanout   Delay   Delay  Logical Name (Net Name)
    ----------------------------------------  ------------
     FDRE:C->Q             3   0.478   0.790  pix_read_addr_3 (pix_read_addr_3)
     LUT4:I0->O            5   0.124   0.448  pix_read_addr[18]_GND_5_o_LessThan_37_o31_SW0 (N2)
     LUT6:I5->O            2   0.124   0.542  pix_read_addr[18]_GND_5_o_LessThan_37_o31 (pix_read_addr[18]_GND_5_o_LessThan_37_o31)
     LUT6:I4->O           24   0.124   0.682  pix_read_addr[18]_GND_5_o_LessThan_38_o32 (pix_read_addr[18]_GND_5_o_LessThan_38_o)
     LUT6:I4->O            1   0.124   0.716  Mmux_GND_5_o_next_pixel1[7]_mux_34_OUT13_SW0_SW0 (N72)
     LUT6:I3->O            1   0.124   0.000  Mmux_GND_5_o_next_pixel1[7]_mux_34_OUT13 (GND_5_o_next_pixel1[7]_mux_34_OUT<0>)
     FD:D                      0.030          next_pixel_0
    ----------------------------------------
    Total                      4.306ns (1.128ns logic, 3.178ns route)
                                       (26.2% logic, 73.8% route)

=========================================================================
Timing constraint: Default OFFSET IN BEFORE for Clock 'clk_vga'
  Total number of paths / destination ports: 61 / 61
-------------------------------------------------------------------------
Offset:              2.107ns (Levels of Logic = 2)
  Source:            reset (PAD)
  Destination:       h_counter_0 (FF)
  Destination Clock: clk_vga rising

  Data Path: reset to h_counter_0
                                Gate     Net
    Cell:in->out      fanout   Delay   Delay  Logical Name (Net Name)
    ----------------------------------------  ------------
     IBUF:I->O            16   0.001   1.017  reset_IBUF (reset_IBUF)
     LUT5:I0->O           12   0.124   0.471  PWR_5_o_h_counter[11]_equal_85_o_021 (PWR_5_o_h_counter[11]_equal_85_o_0)
     FDR:R                     0.494          h_counter_0
    ----------------------------------------
    Total                      2.107ns (0.619ns logic, 1.488ns route)
                                       (29.4% logic, 70.6% route)

=========================================================================
Timing constraint: Default OFFSET IN BEFORE for Clock 'clk'
  Total number of paths / destination ports: 96 / 96
-------------------------------------------------------------------------
Offset:              1.143ns (Levels of Logic = 1)
  Source:            data_in2<0> (PAD)
  Destination:       Mram_screen21 (RAM)
  Destination Clock: clk rising

  Data Path: data_in2<0> to Mram_screen21
                                Gate     Net
    Cell:in->out      fanout   Delay   Delay  Logical Name (Net Name)
    ----------------------------------------  ------------
     IBUF:I->O             2   0.001   0.405  data_in2_0_IBUF (data_in2_0_IBUF)
     RAMB36E1:DIADI0           0.737          Mram_screen21
    ----------------------------------------
    Total                      1.143ns (0.738ns logic, 0.405ns route)
                                       (64.6% logic, 35.4% route)

=========================================================================
Timing constraint: Default OFFSET OUT AFTER for Clock 'clk_vga'
  Total number of paths / destination ports: 10 / 10
-------------------------------------------------------------------------
Offset:              0.883ns (Levels of Logic = 1)
  Source:            VGA_hs (FF)
  Destination:       VGA_hs (PAD)
  Source Clock:      clk_vga rising

  Data Path: VGA_hs to VGA_hs
                                Gate     Net
    Cell:in->out      fanout   Delay   Delay  Logical Name (Net Name)
    ----------------------------------------  ------------
     FDR:C->Q              2   0.478   0.405  VGA_hs (VGA_hs_OBUF)
     OBUF:I->O                 0.000          VGA_hs_OBUF (VGA_hs)
    ----------------------------------------
    Total                      0.883ns (0.478ns logic, 0.405ns route)
                                       (54.1% logic, 45.9% route)

=========================================================================

Cross Clock Domains Report:
--------------------------

Clock to Setup on destination clock clk_vga
---------------+---------+---------+---------+---------+
               | Src:Rise| Src:Fall| Src:Rise| Src:Fall|
Source Clock   |Dest:Rise|Dest:Rise|Dest:Fall|Dest:Fall|
---------------+---------+---------+---------+---------+
clk_vga        |    4.306|         |         |         |
---------------+---------+---------+---------+---------+

=========================================================================


Total REAL time to Xst completion: 20.00 secs
Total CPU time to Xst completion: 20.03 secs
 
--> 

Total memory usage is 513148 kilobytes

Number of errors   :    0 (   0 filtered)
Number of warnings :   10 (   0 filtered)
Number of infos    :    7 (   0 filtered)

