
Allocating common symbols
Common symbol       size              file

InitStack           0x4000            boot.o

Discarded input sections

 .reginfo       0x0000000000000000       0x18 ddr_test.o
 .reginfo       0x0000000000000000       0x18 FileLoader.o
 .reginfo       0x0000000000000000       0x18 LocalRamTester.o
 .reginfo       0x0000000000000000       0x18 ProgramExec.o
 .reginfo       0x0000000000000000       0x18 no_os.o

Memory Configuration

Name             Origin             Length             Attributes
*default*        0x0000000000000000 0xffffffffffffffff

Linker script and memory map

Address of section .text set to 0x0
LOAD boot.o
LOAD ddr_test.o
LOAD FileLoader.o
LOAD LocalRamTester.o
LOAD ProgramExec.o
LOAD no_os.o
                0x0000000000400000                PROVIDE (__executable_start, 0x400000)
                0x0000000000400000                . = 0x400000

.interp
 *(.interp)

.reginfo        0x0000000000400000       0x18
 *(.reginfo)
 .reginfo       0x0000000000400000       0x18 boot.o

.note.gnu.build-id
 *(.note.gnu.build-id)

.dynamic
 *(.dynamic)

.hash
 *(.hash)

.gnu.hash
 *(.gnu.hash)

.dynsym
 *(.dynsym)

.dynstr
 *(.dynstr)

.gnu.version
 *(.gnu.version)

.gnu.version_d
 *(.gnu.version_d)

.gnu.version_r
 *(.gnu.version_r)

.rel.init
 *(.rel.init)

.rela.init
 *(.rela.init)

.rel.text
 *(.rel.text .rel.text.* .rel.gnu.linkonce.t.*)

.rela.text
 *(.rela.text .rela.text.* .rela.gnu.linkonce.t.*)

.rel.fini
 *(.rel.fini)

.rela.fini
 *(.rela.fini)

.rel.rodata
 *(.rel.rodata .rel.rodata.* .rel.gnu.linkonce.r.*)

.rela.rodata
 *(.rela.rodata .rela.rodata.* .rela.gnu.linkonce.r.*)

.rel.data.rel.ro
 *(.rel.data.rel.ro* .rel.gnu.linkonce.d.rel.ro.*)

.rela.data.rel.ro
 *(.rela.data.rel.ro* .rela.gnu.linkonce.d.rel.ro.*)

.rel.data
 *(.rel.data .rel.data.* .rel.gnu.linkonce.d.*)

.rela.data
 *(.rela.data .rela.data.* .rela.gnu.linkonce.d.*)

.rel.tdata
 *(.rel.tdata .rel.tdata.* .rel.gnu.linkonce.td.*)

.rela.tdata
 *(.rela.tdata .rela.tdata.* .rela.gnu.linkonce.td.*)

.rel.tbss
 *(.rel.tbss .rel.tbss.* .rel.gnu.linkonce.tb.*)

.rela.tbss
 *(.rela.tbss .rela.tbss.* .rela.gnu.linkonce.tb.*)

.rel.ctors
 *(.rel.ctors)

.rela.ctors
 *(.rela.ctors)

.rel.dtors
 *(.rel.dtors)

.rela.dtors
 *(.rela.dtors)

.rel.got
 *(.rel.got)

.rela.got
 *(.rela.got)

.rel.dyn
 *(.rel.dyn)

.rel.sdata
 *(.rel.sdata .rel.sdata.* .rel.gnu.linkonce.s.*)

.rela.sdata
 *(.rela.sdata .rela.sdata.* .rela.gnu.linkonce.s.*)

.rel.sbss
 *(.rel.sbss .rel.sbss.* .rel.gnu.linkonce.sb.*)

.rela.sbss
 *(.rela.sbss .rela.sbss.* .rela.gnu.linkonce.sb.*)

.rel.sdata2
 *(.rel.sdata2 .rel.sdata2.* .rel.gnu.linkonce.s2.*)

.rela.sdata2
 *(.rela.sdata2 .rela.sdata2.* .rela.gnu.linkonce.s2.*)

.rel.sbss2
 *(.rel.sbss2 .rel.sbss2.* .rel.gnu.linkonce.sb2.*)

.rela.sbss2
 *(.rela.sbss2 .rela.sbss2.* .rela.gnu.linkonce.sb2.*)

.rel.bss
 *(.rel.bss .rel.bss.* .rel.gnu.linkonce.b.*)

.rela.bss
 *(.rela.bss .rela.bss.* .rela.gnu.linkonce.b.*)

.rel.iplt       0x0000000000400000        0x0
                0x0000000000400000                PROVIDE (__rel_iplt_start, .)
 *(.rel.iplt)
                0x0000000000400000                PROVIDE (__rel_iplt_end, .)

.rela.iplt      0x0000000000400000        0x0
                0x0000000000400000                PROVIDE (__rela_iplt_start, .)
 *(.rela.iplt)
                0x0000000000400000                PROVIDE (__rela_iplt_end, .)

.rel.plt
 *(.rel.plt)

.rela.plt
 *(.rela.plt)

.init
 *(.init)

.plt
 *(.plt)

.iplt
 *(.iplt)

.text           0x0000000000000000     0x10e8
                0x0000000000000000                _ftext = .
 *(.text.unlikely .text.*_unlikely)
 *(.text.exit .text.exit.*)
 *(.text.startup .text.startup.*)
 *(.text.hot .text.hot.*)
 *(.text .stub .text.* .gnu.linkonce.t.*)
 .text          0x0000000000000000       0xac boot.o
                0x0000000000000000                entry
                0x000000000000003c                setjmp
                0x0000000000000074                longjmp
 .text          0x00000000000000ac      0x628 ddr_test.o
                0x00000000000000ac                wait_data
                0x00000000000000dc                wait_data_with_timeout
                0x0000000000000120                isStillAlive
                0x00000000000001ac                wait_button_action
                0x00000000000001ec                show_help
                0x000000000000025c                version
                0x00000000000002a8                main
 .text          0x00000000000006d4      0x188 FileLoader.o
                0x00000000000006d4                ReceiveProgram
 .text          0x000000000000085c      0x3d0 LocalRamTester.o
                0x000000000000085c                test_ram
                0x00000000000008d0                ShowAddressTesting
                0x0000000000000958                test_ram_alea
                0x00000000000009c8                LocalRamTester
 .text          0x0000000000000c2c       0x38 ProgramExec.o
                0x0000000000000c2c                ProgramExec
 .text          0x0000000000000c64      0x484 no_os.o
                0x0000000000000c64                putchar
                0x0000000000000c88                puts
                0x0000000000000d04                print_hex
                0x0000000000000d84                OS_InterruptServiceRoutine
                0x0000000000000da8                kbhit
                0x0000000000000db8                getch
                0x0000000000000ddc                xtoa
                0x0000000000000f94                getnum
 *(.gnu.warning)
 *(.mips16.fn.*)
 *(.mips16.call.*)

.fini
 *(.fini)
                0x00000000000010e8                PROVIDE (__etext, .)
                0x00000000000010e8                PROVIDE (_etext, .)
                0x00000000000010e8                PROVIDE (etext, .)

.rodata         0x00000000000010e8      0x34c
 *(.rodata .rodata.* .gnu.linkonce.r.*)
 .rodata.str1.4
                0x00000000000010e8      0x197 ddr_test.o
                                        0x1a4 (size before relaxing)
 *fill*         0x000000000000127f        0x1 00
 .rodata.str1.4
                0x0000000000001280       0x8b FileLoader.o
                                         0x90 (size before relaxing)
 *fill*         0x000000000000130b        0x1 00
 .rodata.str1.4
                0x000000000000130c       0x9f LocalRamTester.o
                                         0xa0 (size before relaxing)
 *fill*         0x00000000000013ab        0x1 00
 .rodata.str1.4
                0x00000000000013ac       0x88 ProgramExec.o

.rodata1
 *(.rodata1)

.sdata2
 *(.sdata2 .sdata2.* .gnu.linkonce.s2.*)

.sbss2
 *(.sbss2 .sbss2.* .gnu.linkonce.sb2.*)

.eh_frame_hdr
 *(.eh_frame_hdr)

.eh_frame
 *(.eh_frame)

.gcc_except_table
 *(.gcc_except_table .gcc_except_table.*)
                0x0000000000001434                . = .

.eh_frame
 *(.eh_frame)

.gcc_except_table
 *(.gcc_except_table .gcc_except_table.*)

.tdata
 *(.tdata .tdata.* .gnu.linkonce.td.*)

.tbss
 *(.tbss .tbss.* .gnu.linkonce.tb.*)
 *(.tcommon)

.preinit_array  0x0000000000001434        0x0
                0x0000000000001434                PROVIDE (__preinit_array_start, .)
 *(.preinit_array)
                0x0000000000001434                PROVIDE (__preinit_array_end, .)

.init_array     0x0000000000001434        0x0
                0x0000000000001434                PROVIDE (__init_array_start, .)
 *(SORT(.init_array.*))
 *(.init_array)
                0x0000000000001434                PROVIDE (__init_array_end, .)

.fini_array     0x0000000000001434        0x0
                0x0000000000001434                PROVIDE (__fini_array_start, .)
 *(SORT(.fini_array.*))
 *(.fini_array)
                0x0000000000001434                PROVIDE (__fini_array_end, .)

.ctors
 *crtbegin.o(.ctors)
 *crtbegin?.o(.ctors)
 *(EXCLUDE_FILE(*crtend?.o *crtend.o) .ctors)
 *(SORT(.ctors.*))
 *(.ctors)

.dtors
 *crtbegin.o(.dtors)
 *crtbegin?.o(.dtors)
 *(EXCLUDE_FILE(*crtend?.o *crtend.o) .dtors)
 *(SORT(.dtors.*))
 *(.dtors)

.jcr
 *(.jcr)

.data.rel.ro
 *(.data.rel.ro.local* .gnu.linkonce.d.rel.ro.local.*)
 *(.data.rel.ro* .gnu.linkonce.d.rel.ro.*)

.data           0x0000000000001434        0x0
                0x0000000000001434                _fdata = .
 *(.data .data.* .gnu.linkonce.d.*)
 .data          0x0000000000001434        0x0 boot.o
 .data          0x0000000000001434        0x0 ddr_test.o
 .data          0x0000000000001434        0x0 FileLoader.o
 .data          0x0000000000001434        0x0 LocalRamTester.o
 .data          0x0000000000001434        0x0 ProgramExec.o
 .data          0x0000000000001434        0x0 no_os.o

.data1
 *(.data1)

.got.plt
 *(.got.plt)
                0x0000000000001434                . = .
                0x0000000000009430                _gp = (ALIGN (0x10) + 0x7ff0)

.got
 *(.got)

.sdata
 *(.sdata .sdata.* .gnu.linkonce.s.*)

.lit8
 *(.lit8)

.lit4
 *(.lit4)
                0x0000000000001434                _edata = .
                0x0000000000001434                PROVIDE (edata, .)
                0x0000000000001434                __bss_start = .
                0x0000000000001434                _fbss = .

.sbss
 *(.dynsbss)
 *(.sbss .sbss.* .gnu.linkonce.sb.*)
 *(.scommon)

.bss            0x0000000000001440     0x4010
 *(.dynbss)
 *(.bss .bss.* .gnu.linkonce.b.*)
 .bss           0x0000000000001440        0x0 boot.o
 .bss           0x0000000000001440        0x0 ddr_test.o
 .bss           0x0000000000001440        0x0 FileLoader.o
 .bss           0x0000000000001440        0x0 LocalRamTester.o
 .bss           0x0000000000001440        0x0 ProgramExec.o
 .bss           0x0000000000001440        0xc no_os.o
 *(COMMON)
 *fill*         0x000000000000144c        0x4 00
 COMMON         0x0000000000001450     0x4000 boot.o
                0x0000000000001450                InitStack
                0x0000000000005450                . = ALIGN ((. != 0x0)?0x4:0x1)
                0x0000000000005450                . = ALIGN (0x4)
                0x0000000000005450                . = ALIGN (0x4)
                0x0000000000005450                _end = .
                0x0000000000005450                PROVIDE (end, .)

.stab
 *(.stab)

.stabstr
 *(.stabstr)

.stab.excl
 *(.stab.excl)

.stab.exclstr
 *(.stab.exclstr)

.stab.index
 *(.stab.index)

.stab.indexstr
 *(.stab.indexstr)

.pdr            0x0000000000000000      0x300
 .pdr           0x0000000000000000       0x60 boot.o
 .pdr           0x0000000000000060       0xe0 ddr_test.o
 .pdr           0x0000000000000140       0x20 FileLoader.o
 .pdr           0x0000000000000160       0x80 LocalRamTester.o
 .pdr           0x00000000000001e0       0x20 ProgramExec.o
 .pdr           0x0000000000000200      0x100 no_os.o

.comment        0x0000000000000000       0x11
 *(.comment)
 .comment       0x0000000000000000       0x11 ddr_test.o
                                         0x12 (size before relaxing)
 .comment       0x0000000000000000       0x12 FileLoader.o
 .comment       0x0000000000000000       0x12 LocalRamTester.o
 .comment       0x0000000000000000       0x12 ProgramExec.o
 .comment       0x0000000000000000       0x12 no_os.o

.debug
 *(.debug)

.line
 *(.line)

.debug_srcinfo
 *(.debug_srcinfo .zdebug_srcinfo)

.debug_sfnames
 *(.debug_sfnames .zdebug_sfnames)

.debug_aranges
 *(.debug_aranges .zdebug_aranges)

.debug_pubnames
 *(.debug_pubnames .zdebug_pubnames)

.debug_info
 *(.debug_info .gnu.linkonce.wi.* .zdebug_info)

.debug_abbrev
 *(.debug_abbrev .zdebug_abbrev)

.debug_line
 *(.debug_line .zdebug_line)

.debug_frame
 *(.debug_frame .zdebug_frame)

.debug_str
 *(.debug_str .zdebug_str)

.debug_loc
 *(.debug_loc .zdebug_loc)

.debug_macinfo
 *(.debug_macinfo .zdebug_macinfo)

.debug_weaknames
 *(.debug_weaknames .zdebug_weaknames)

.debug_funcnames
 *(.debug_funcnames .zdebug_funcnames)

.debug_typenames
 *(.debug_typenames .zdebug_typenames)

.debug_varnames
 *(.debug_varnames .zdebug_varnames)

.debug_pubtypes
 *(.debug_pubtypes .zdebug_pubtypes)

.debug_ranges
 *(.debug_ranges .zdebug_ranges)

.gnu.attributes
                0x0000000000000000       0x10
 *(.gnu.attributes)
 .gnu.attributes
                0x0000000000000000       0x10 ddr_test.o
 .gnu.attributes
                0x0000000000000010       0x10 FileLoader.o
 .gnu.attributes
                0x0000000000000020       0x10 LocalRamTester.o
 .gnu.attributes
                0x0000000000000030       0x10 ProgramExec.o
 .gnu.attributes
                0x0000000000000040       0x10 no_os.o

.gptab.sdata
 *(.gptab.data)
 *(.gptab.sdata)

.gptab.sbss
 *(.gptab.bss)
 *(.gptab.sbss)

.mdebug.abi32   0x0000000000005450        0x0
 *(.mdebug.abi32)
 .mdebug.abi32  0x0000000000005450        0x0 ddr_test.o
 .mdebug.abi32  0x0000000000005450        0x0 FileLoader.o
 .mdebug.abi32  0x0000000000005450        0x0 LocalRamTester.o
 .mdebug.abi32  0x0000000000005450        0x0 ProgramExec.o
 .mdebug.abi32  0x0000000000005450        0x0 no_os.o

.mdebug.abiN32
 *(.mdebug.abiN32)

.mdebug.abi64
 *(.mdebug.abi64)

.mdebug.abiO64
 *(.mdebug.abiO64)

.mdebug.eabi32
 *(.mdebug.eabi32)

.mdebug.eabi64
 *(.mdebug.eabi64)

.gcc_compiled_long32
 *(.gcc_compiled_long32)

.gcc_compiled_long64
 *(.gcc_compiled_long64)

/DISCARD/
 *(.note.GNU-stack)
 *(.gnu_debuglink)
 *(.gnu.lto_*)
OUTPUT(test.axf elf32-bigmips)
