
Allocating common symbols
Common symbol       size              file

InitStack           0x1000            boot.o
buffer              0x40              no_os.o

Discarded input sections

 .reginfo       0x0000000000000000        0x0 main.o
 .reginfo       0x0000000000000000        0x0 no_os.o
 .reginfo       0x0000000000000000        0x0 raymath.o
 .reginfo       0x0000000000000000        0x0 raymathfix.o
 .reginfo       0x0000000000000000        0x0 raylight.o
 .reginfo       0x0000000000000000        0x0 rayplane.o
 .reginfo       0x0000000000000000        0x0 raysphere.o
 .reginfo       0x0000000000000000        0x0 rayintersect.o
 .reginfo       0x0000000000000000        0x0 rayobject.o
 .reginfo       0x0000000000000000        0x0 rayrender.o

Memory Configuration

Name             Origin             Length             Attributes
*default*        0x0000000000000000 0xffffffffffffffff

Linker script and memory map

Address of section .text set to 0x0
LOAD boot.o
LOAD main.o
LOAD no_os.o
LOAD raymath.o
LOAD raymathfix.o
LOAD raylight.o
LOAD rayplane.o
LOAD raysphere.o
LOAD rayintersect.o
LOAD rayobject.o
LOAD rayrender.o
                0x0000000000400000                PROVIDE (__executable_start, 0x400000)
                0x0000000000400000                . = 0x400000

.interp
 *(.interp)

.reginfo        0x0000000000400000       0x18
 *(.reginfo)
 .reginfo       0x0000000000400000       0x18 boot.o

.note.gnu.build-id
 *(.note.gnu.build-id)

.dynamic
 *(.dynamic)

.hash
 *(.hash)

.gnu.hash
 *(.gnu.hash)

.dynsym
 *(.dynsym)

.dynstr
 *(.dynstr)

.gnu.version
 *(.gnu.version)

.gnu.version_d
 *(.gnu.version_d)

.gnu.version_r
 *(.gnu.version_r)

.rel.init
 *(.rel.init)

.rela.init
 *(.rela.init)

.rel.text
 *(.rel.text .rel.text.* .rel.gnu.linkonce.t.*)

.rela.text
 *(.rela.text .rela.text.* .rela.gnu.linkonce.t.*)

.rel.fini
 *(.rel.fini)

.rela.fini
 *(.rela.fini)

.rel.rodata
 *(.rel.rodata .rel.rodata.* .rel.gnu.linkonce.r.*)

.rela.rodata
 *(.rela.rodata .rela.rodata.* .rela.gnu.linkonce.r.*)

.rel.data.rel.ro
 *(.rel.data.rel.ro* .rel.gnu.linkonce.d.rel.ro.*)

.rela.data.rel.ro
 *(.rela.data.rel.ro* .rela.gnu.linkonce.d.rel.ro.*)

.rel.data
 *(.rel.data .rel.data.* .rel.gnu.linkonce.d.*)

.rela.data
 *(.rela.data .rela.data.* .rela.gnu.linkonce.d.*)

.rel.tdata
 *(.rel.tdata .rel.tdata.* .rel.gnu.linkonce.td.*)

.rela.tdata
 *(.rela.tdata .rela.tdata.* .rela.gnu.linkonce.td.*)

.rel.tbss
 *(.rel.tbss .rel.tbss.* .rel.gnu.linkonce.tb.*)

.rela.tbss
 *(.rela.tbss .rela.tbss.* .rela.gnu.linkonce.tb.*)

.rel.ctors
 *(.rel.ctors)

.rela.ctors
 *(.rela.ctors)

.rel.dtors
 *(.rel.dtors)

.rela.dtors
 *(.rela.dtors)

.rel.got
 *(.rel.got)

.rela.got
 *(.rela.got)

.rel.dyn
 *(.rel.dyn)

.rel.sdata
 *(.rel.sdata .rel.sdata.* .rel.gnu.linkonce.s.*)

.rela.sdata
 *(.rela.sdata .rela.sdata.* .rela.gnu.linkonce.s.*)

.rel.sbss
 *(.rel.sbss .rel.sbss.* .rel.gnu.linkonce.sb.*)

.rela.sbss
 *(.rela.sbss .rela.sbss.* .rela.gnu.linkonce.sb.*)

.rel.sdata2
 *(.rel.sdata2 .rel.sdata2.* .rel.gnu.linkonce.s2.*)

.rela.sdata2
 *(.rela.sdata2 .rela.sdata2.* .rela.gnu.linkonce.s2.*)

.rel.sbss2
 *(.rel.sbss2 .rel.sbss2.* .rel.gnu.linkonce.sb2.*)

.rela.sbss2
 *(.rela.sbss2 .rela.sbss2.* .rela.gnu.linkonce.sb2.*)

.rel.bss
 *(.rel.bss .rel.bss.* .rel.gnu.linkonce.b.*)

.rela.bss
 *(.rela.bss .rela.bss.* .rela.gnu.linkonce.b.*)

.rel.plt
 *(.rel.plt)

.rela.plt
 *(.rela.plt)

.init
 *(.init)

.plt
 *(.plt)

.text           0x0000000000000000     0x27a8
                0x0000000000000000                _ftext = .
 *(.text .stub .text.* .gnu.linkonce.t.*)
 .text          0x0000000000000000       0xac boot.o
                0x0000000000000074                longjmp
                0x0000000000000000                entry
                0x000000000000003c                setjmp
 .text          0x00000000000000ac      0x6b0 main.o
                0x00000000000000ac                my_printf
                0x000000000000016c                LoadImage
                0x0000000000000448                Convergence_Fixed
                0x0000000000000128                my_printh
                0x00000000000002a4                StoreImage
                0x000000000000056c                main
                0x00000000000000dc                my_printfh
 .text          0x000000000000075c      0x9ec no_os.o
                0x000000000000075c                putchar
                0x0000000000000b00                print
                0x0000000000000780                puts
                0x0000000000000e00                print_int
                0x000000000000087c                itoa3
                0x00000000000007fc                print_hex
 .text          0x0000000000001148      0x220 raymath.o
                0x0000000000001178                MathVec3Set
                0x00000000000011fc                MathVec3Scale
                0x0000000000001244                MathVec3Dot
                0x0000000000001290                MathVec3Normalize
                0x0000000000001148                MathClamp
                0x000000000000118c                MathVec3Add
                0x0000000000001170                MathIsOdd
                0x00000000000011c4                MathVec3Sub
 .text          0x0000000000001368      0x118 raymathfix.o
                0x0000000000001368                MathFixSqrt
 .text          0x0000000000001480      0x120 raylight.o
                0x0000000000001480                LightObject
 .text          0x00000000000015a0      0x1b8 rayplane.o
                0x00000000000015c0                PlaneSet
                0x00000000000015a0                PlaneAdd
                0x00000000000015fc                PlaneGetDistance
                0x0000000000001644                PlaneGetColor
                0x00000000000015b4                PlaneGetCount
                0x0000000000001620                PlaneGetAxis
                0x000000000000167c                PlaneGetNormal
 .text          0x0000000000001758      0x17c raysphere.o
                0x00000000000017c0                SphereHasReflection
                0x0000000000001778                SphereSet
                0x000000000000176c                SphereGetCount
                0x000000000000180c                SphereGetRadius
                0x00000000000017dc                SphereGetPosition
                0x0000000000001758                SphereAdd
                0x0000000000001858                SphereGetNormal
                0x0000000000001828                SphereGetColor
 .text          0x00000000000018d4      0x298 rayintersect.o
                0x00000000000018d4                IntersectionRayObject
 .text          0x0000000000001b6c      0x130 rayobject.o
                0x0000000000001c2c                ObjectGetColor
                0x0000000000001b94                ObjectGetNormal
                0x0000000000001b6c                ObjectGetNumberByType
 .text          0x0000000000001c9c      0xb0c rayrender.o
                0x0000000000001fe4                Reflect
                0x0000000000001e2c                RenderGetColor
                0x0000000000001d90                RenderFilterColor
                0x0000000000001ef0                Raytrace
                0x00000000000020cc                RenderComputePixelColor
                0x0000000000001c9c                RenderReset
                0x0000000000001cbc                RenderSetup
 *(.gnu.warning)
 *(.mips16.fn.*)
 *(.mips16.call.*)

.fini
 *(.fini)
                0x00000000000027a8                PROVIDE (__etext, .)
                0x00000000000027a8                PROVIDE (_etext, .)
                0x00000000000027a8                PROVIDE (etext, .)

.rodata         0x00000000000027a8       0xf8
 *(.rodata .rodata.* .gnu.linkonce.r.*)
 .rodata.str1.4
                0x00000000000027a8       0xf8 main.o
                                         0xfc (size before relaxing)

.rodata1
 *(.rodata1)

.sdata2
 *(.sdata2 .sdata2.* .gnu.linkonce.s2.*)

.sbss2
 *(.sbss2 .sbss2.* .gnu.linkonce.sb2.*)

.eh_frame_hdr
 *(.eh_frame_hdr)

.eh_frame
 *(.eh_frame)

.gcc_except_table
 *(.gcc_except_table .gcc_except_table.*)
                0x00000000000028a0                . = .

.eh_frame
 *(.eh_frame)

.gcc_except_table
 *(.gcc_except_table .gcc_except_table.*)

.tdata
 *(.tdata .tdata.* .gnu.linkonce.td.*)

.tbss
 *(.tbss .tbss.* .gnu.linkonce.tb.*)
 *(.tcommon)

.preinit_array  0x00000000000028a0        0x0
                0x00000000000028a0                PROVIDE (__preinit_array_start, .)
 *(.preinit_array)
                0x00000000000028a0                PROVIDE (__preinit_array_end, .)

.init_array     0x00000000000028a0        0x0
                0x00000000000028a0                PROVIDE (__init_array_start, .)
 *(SORT(.init_array.*))
 *(.init_array)
                0x00000000000028a0                PROVIDE (__init_array_end, .)

.fini_array     0x00000000000028a0        0x0
                0x00000000000028a0                PROVIDE (__fini_array_start, .)
 *(.fini_array)
 *(SORT(.fini_array.*))
                0x00000000000028a0                PROVIDE (__fini_array_end, .)

.ctors
 *crtbegin.o(.ctors)
 *crtbegin?.o(.ctors)
 *(EXCLUDE_FILE(*crtend?.o *crtend.o) .ctors)
 *(SORT(.ctors.*))
 *(.ctors)

.dtors
 *crtbegin.o(.dtors)
 *crtbegin?.o(.dtors)
 *(EXCLUDE_FILE(*crtend?.o *crtend.o) .dtors)
 *(SORT(.dtors.*))
 *(.dtors)

.jcr
 *(.jcr)

.data.rel.ro
 *(.data.rel.ro.local* .gnu.linkonce.d.rel.ro.local.*)
 *(.data.rel.ro* .gnu.linkonce.d.rel.ro.*)

.data           0x00000000000028a0        0x0
                0x00000000000028a0                _fdata = .
 *(.data .data.* .gnu.linkonce.d.*)
 .data          0x00000000000028a0        0x0 boot.o
 .data          0x00000000000028a0        0x0 main.o
 .data          0x00000000000028a0        0x0 no_os.o
 .data          0x00000000000028a0        0x0 raymath.o
 .data          0x00000000000028a0        0x0 raymathfix.o
 .data          0x00000000000028a0        0x0 raylight.o
 .data          0x00000000000028a0        0x0 rayplane.o
 .data          0x00000000000028a0        0x0 raysphere.o
 .data          0x00000000000028a0        0x0 rayintersect.o
 .data          0x00000000000028a0        0x0 rayobject.o
 .data          0x00000000000028a0        0x0 rayrender.o

.data1
 *(.data1)

.got.plt
 *(.got.plt)
                0x00000000000028a0                . = .
                0x000000000000a890                _gp = (ALIGN (0x10) + 0x7ff0)

.got
 *(.got)

.sdata
 *(.sdata .sdata.* .gnu.linkonce.s.*)

.lit8
 *(.lit8)

.lit4
 *(.lit4)
                0x00000000000028a0                _edata = .
                0x00000000000028a0                PROVIDE (edata, .)
                0x00000000000028a0                __bss_start = .
                0x00000000000028a0                _fbss = .

.sbss           0x00000000000028a0       0x24
 *(.dynsbss)
 *(.sbss .sbss.* .gnu.linkonce.sb.*)
 .sbss          0x00000000000028a0        0x4 rayplane.o
 .sbss          0x00000000000028a4        0x4 raysphere.o
 .sbss          0x00000000000028a8       0x1c rayrender.o
 *(.scommon)

.bss            0x00000000000028d0     0x13b0
 *(.dynbss)
 *(.bss .bss.* .gnu.linkonce.b.*)
 .bss           0x00000000000028d0        0x0 boot.o
 .bss           0x00000000000028d0        0x0 main.o
 .bss           0x00000000000028d0        0x0 no_os.o
 .bss           0x00000000000028d0        0x0 raymath.o
 .bss           0x00000000000028d0        0x0 raymathfix.o
 .bss           0x00000000000028d0        0x0 raylight.o
 .bss           0x00000000000028d0      0x140 rayplane.o
 .bss           0x0000000000002a10      0x200 raysphere.o
 .bss           0x0000000000002c10        0x0 rayintersect.o
 .bss           0x0000000000002c10        0x0 rayobject.o
 .bss           0x0000000000002c10       0x24 rayrender.o
 *(COMMON)
 *fill*         0x0000000000002c34        0xc 00
 COMMON         0x0000000000002c40     0x1000 boot.o
                0x0000000000002c40                InitStack
 COMMON         0x0000000000003c40       0x40 no_os.o
                0x0000000000003c40                buffer
                0x0000000000003c80                . = ALIGN ((. != 0x0)?0x4:0x1)
                0x0000000000003c80                . = ALIGN (0x4)
                0x0000000000003c80                . = ALIGN (0x4)
                0x0000000000003c80                _end = .
                0x0000000000003c80                PROVIDE (end, .)

.stab
 *(.stab)

.stabstr
 *(.stabstr)

.stab.excl
 *(.stab.excl)

.stab.exclstr
 *(.stab.exclstr)

.stab.index
 *(.stab.index)

.stab.indexstr
 *(.stab.indexstr)

.comment        0x0000000000000000       0xb4
 *(.comment)
 .comment       0x0000000000000000       0x12 main.o
 .comment       0x0000000000000012       0x12 no_os.o
 .comment       0x0000000000000024       0x12 raymath.o
 .comment       0x0000000000000036       0x12 raymathfix.o
 .comment       0x0000000000000048       0x12 raylight.o
 .comment       0x000000000000005a       0x12 rayplane.o
 .comment       0x000000000000006c       0x12 raysphere.o
 .comment       0x000000000000007e       0x12 rayintersect.o
 .comment       0x0000000000000090       0x12 rayobject.o
 .comment       0x00000000000000a2       0x12 rayrender.o

.debug
 *(.debug)

.line
 *(.line)

.debug_srcinfo
 *(.debug_srcinfo)

.debug_sfnames
 *(.debug_sfnames)

.debug_aranges
 *(.debug_aranges)

.debug_pubnames
 *(.debug_pubnames)

.debug_info
 *(.debug_info .gnu.linkonce.wi.*)

.debug_abbrev
 *(.debug_abbrev)

.debug_line
 *(.debug_line)

.debug_frame
 *(.debug_frame)

.debug_str
 *(.debug_str)

.debug_loc
 *(.debug_loc)

.debug_macinfo
 *(.debug_macinfo)

.debug_weaknames
 *(.debug_weaknames)

.debug_funcnames
 *(.debug_funcnames)

.debug_typenames
 *(.debug_typenames)

.debug_varnames
 *(.debug_varnames)

.debug_pubtypes
 *(.debug_pubtypes)

.debug_ranges
 *(.debug_ranges)

.gnu.attributes
                0x0000000000000000       0x10
 *(.gnu.attributes)
 .gnu.attributes
                0x0000000000000000       0x10 main.o
 .gnu.attributes
                0x0000000000000010       0x10 no_os.o
 .gnu.attributes
                0x0000000000000020       0x10 raymath.o
 .gnu.attributes
                0x0000000000000030       0x10 raymathfix.o
 .gnu.attributes
                0x0000000000000040       0x10 raylight.o
 .gnu.attributes
                0x0000000000000050       0x10 rayplane.o
 .gnu.attributes
                0x0000000000000060       0x10 raysphere.o
 .gnu.attributes
                0x0000000000000070       0x10 rayintersect.o
 .gnu.attributes
                0x0000000000000080       0x10 rayobject.o
 .gnu.attributes
                0x0000000000000090       0x10 rayrender.o

.gptab.sdata
 *(.gptab.data)
 *(.gptab.sdata)

.gptab.sbss
 *(.gptab.bss)
 *(.gptab.sbss)

.mdebug.abi32   0x00000000000000a0        0x0
 *(.mdebug.abi32)
 .mdebug.abi32  0x00000000000000a0        0x0 main.o
 .mdebug.abi32  0x00000000000000a0        0x0 no_os.o
 .mdebug.abi32  0x00000000000000a0        0x0 raymath.o
 .mdebug.abi32  0x00000000000000a0        0x0 raymathfix.o
 .mdebug.abi32  0x00000000000000a0        0x0 raylight.o
 .mdebug.abi32  0x00000000000000a0        0x0 rayplane.o
 .mdebug.abi32  0x00000000000000a0        0x0 raysphere.o
 .mdebug.abi32  0x00000000000000a0        0x0 rayintersect.o
 .mdebug.abi32  0x00000000000000a0        0x0 rayobject.o
 .mdebug.abi32  0x00000000000000a0        0x0 rayrender.o

.mdebug.abiN32
 *(.mdebug.abiN32)

.mdebug.abi64
 *(.mdebug.abi64)

.mdebug.abiO64
 *(.mdebug.abiO64)

.mdebug.eabi32
 *(.mdebug.eabi32)

.mdebug.eabi64
 *(.mdebug.eabi64)

.gcc_compiled_long32
 *(.gcc_compiled_long32)

.gcc_compiled_long64
 *(.gcc_compiled_long64)

/DISCARD/
 *(.note.GNU-stack)
 *(.gnu_debuglink)
OUTPUT(test.axf elf32-bigmips)

.pdr            0x0000000000000000      0x680
 .pdr           0x0000000000000000       0x60 boot.o
 .pdr           0x0000000000000060       0xe0 main.o
 .pdr           0x0000000000000140       0xc0 no_os.o
 .pdr           0x0000000000000200      0x100 raymath.o
 .pdr           0x0000000000000300       0x20 raymathfix.o
 .pdr           0x0000000000000320       0x20 raylight.o
 .pdr           0x0000000000000340       0xe0 rayplane.o
 .pdr           0x0000000000000420      0x100 raysphere.o
 .pdr           0x0000000000000520       0x20 rayintersect.o
 .pdr           0x0000000000000540       0x60 rayobject.o
 .pdr           0x00000000000005a0       0xe0 rayrender.o
